// Jest Snapshot v1, https://goo.gl/fbAQLP

exports[`size-plugin should display the size of a multiple output files 1`] = `
"
        bundle.js ‚è§  [32m1.07 kB[39m (+598 B)
 1.*****.chunk.js ‚è§  [32m102 B[39m (+102 B)
 2.*****.chunk.js ‚è§  [32m137 B[39m (+137 B)
"
`;

exports[`size-plugin should display the size of a single bundle file 1`] = `
"
 bundle.js ‚è§  [32m472 B[39m (+472 B)
"
`;

exports[`size-plugin should respect output.filename / output.chunkFilename 1`] = `
"
 js-main.********************.js ‚è§  [1m[32m1.12 kB[39m[22m ([31m+1.12 kB[39m)
    js-1.********************.js ‚è§  [32m102 B[39m (+102 B)
    js-2.********************.js ‚è§  [32m137 B[39m (+137 B)
"
`;

exports[`size-plugin should show size deltas for subsequent builds 1`] = `
"
        bundle.js ‚è§  [1m[32m7.23 kB[39m[22m ([31m+6.16 kB[39m)
 1.*****.chunk.js ‚è§  [32m102 B[39m
 2.*****.chunk.js ‚è§  [32m303 B[39m (+166 B)
"
`;
